C:/Users/Admin/Desktop/STM32/chip_headers/CMSIS/Include/core_cm4.h:1684:22:__NVIC_EnableIRQ	16	static,ignoring_inline_asm
../Src/uart.c:28:5:__io_putchar	16	static
../Src/uart.c:33:6:dma1_stream6_init	24	static
../Src/uart.c:78:6:uart2_rxtx_init	8	static
../Src/uart.c:112:6:uart2_rx_interrupt_init	8	static
../Src/uart.c:142:6:uart2_tx_init	8	static
../Src/uart.c:166:6:uart2_read	4	static
../Src/uart.c:173:6:uart2_write	16	static
../Src/uart.c:180:13:uart_set_baudrate	24	static
../Src/uart.c:184:17:compute_uart_bd	16	static
