23:11:18 **** Incremental Build of configuration Debug for project 9_adc ****
make -j8 all 
arm-none-eabi-gcc "../Src/main.c" -mcpu=cortex-m4 -std=gnu11 -g3 -DDEBUG -DSTM32 -DSTM32F407G_DISC1 -DSTM32F4 -DSTM32F407VGTx -DSTM32F407xx -c -I../Inc -I"C:/Users/Admin/Desktop/STM32/chip_headers/CMSIS/Device/ST/STM32F4xx/Include" -I"C:/Users/Admin/Desktop/STM32/chip_headers/CMSIS/Include" -O0 -ffunction-sections -fdata-sections -Wall -fstack-usage -fcyclomatic-complexity -MMD -MP -MF"Src/main.d" -MT"Src/main.o" --specs=nano.specs -mfpu=fpv4-sp-d16 -mfloat-abi=hard -mthumb -o "Src/main.o"
arm-none-eabi-gcc -o "9_adc.elf" @"objects.list"   -mcpu=cortex-m4 -T"C:\Users\Admin\Desktop\STM32\9_adc\STM32F407VGTX_FLASH.ld" --specs=nosys.specs -Wl,-Map="9_adc.map" -Wl,--gc-sections -static --specs=nano.specs -mfpu=fpv4-sp-d16 -mfloat-abi=hard -mthumb -Wl,--start-group -lc -lm -Wl,--end-group
Finished building target: 9_adc.elf
 
arm-none-eabi-size  9_adc.elf 
arm-none-eabi-objdump -h -S 9_adc.elf  > "9_adc.list"
   text	   data	    bss	    dec	    hex	filename
   5412	     92	   1908	   7412	   1cf4	9_adc.elf
Finished building: default.size.stdout
 
Finished building: 9_adc.list
 

23:11:19 Build Finished. 0 errors, 0 warnings. (took 843ms)

